<html>
<body>
<pre>
<h1>礦ision Build Log</h1>
<h2>Tool Versions:</h2>
IDE-Version: μVision V5.33.0.0
Copyright (C) 2020 ARM Ltd and ARM Germany GmbH. All rights reserved.
License Information: 12 12, 12, LIC=UJWP0-B8X1Y-CXKU6-DMFK0-S34T8-9LMF6
 
Tool Versions:
Toolchain:       MDK-ARM Plus  Version: 5.33.0.0
Toolchain Path:  D:\keil5\ARM\ARMCC\Bin
C Compiler:      Armcc.exe V5.06 update 7 (build 960)
Assembler:       Armasm.exe V5.06 update 7 (build 960)
Linker/Locator:  ArmLink.exe V5.06 update 7 (build 960)
Library Manager: ArmAr.exe V5.06 update 7 (build 960)
Hex Converter:   FromElf.exe V5.06 update 7 (build 960)
CPU DLL:         SARMCM3.DLL V5.33.0.0
Dialog DLL:      DCM.DLL V1.17.3.0
Target DLL:      Segger\JL2CM3.dll V2.99.38.0
Dialog DLL:      TCM.DLL V1.48.0.0
 
<h2>Project:</h2>
E:\agv-1\模板代码\模板代碼f407\USER\OLED.uvprojx
Project File Date:  12/31/2025

<h2>Output:</h2>
*** Using Compiler 'V5.06 update 7 (build 960)', folder: 'D:\keil5\ARM\ARMCC\Bin'
Rebuild target 'OLED'
assembling startup_stm32f40_41xxx.s...
compiling main.c...
compiling stm32f4xx_it.c...
compiling stm32f4xx_usart.c...
compiling oled.c...
..\HARDWARE\OLED\oled.c(452): warning:  #177-D: variable "TIM_TimeBaseStructure"  was declared but never referenced
  	TIM_TimeBaseInitTypeDef  TIM_TimeBaseStructure;
..\HARDWARE\OLED\oled.c: 1 warning, 0 errors
compiling delay.c...
compiling stm32f4xx_syscfg.c...
compiling sys.c...
compiling usart.c...
compiling led.c...
compiling stm32f4xx_rcc.c...
compiling stm32f4xx_gpio.c...
compiling system_stm32f4xx.c...
compiling misc.c...
linking...
Program Size: Code=8366 RO-data=8122 RW-data=2096 ZI-data=2984  
FromELF: creating hex file...
"..\OBJ\OLED.axf" - 0 Error(s), 1 Warning(s).

<h2>Software Packages used:</h2>

Package Vendor: Keil
                https://www.keil.com/pack/Keil.STM32F4xx_DFP.3.1.1.pack
                Keil.STM32F4xx_DFP.3.1.1
                STMicroelectronics STM32F4 Series Device Support

<h2>Collection of Component include folders:</h2>

<h2>Collection of Component Files used:</h2>
Build Time Elapsed:  00:00:00
</pre>
</body>
</html>
